// Jest Snapshot v1, https://goo.gl/fbAQLP

exports[`App renders 1`] = `
<RCTSafeAreaView
  style={
    [
      {
        "alignItems": "center",
        "backgroundColor": "rgb(251, 248, 239)",
        "flex": 1,
        "justifyContent": "center",
      },
    ]
  }
>
  <view>
    <View>
      <View
        style={
          {
            "flexDirection": "row",
            "justifyContent": "space-between",
          }
        }
      >
        <View
          style={
            {
              "justifyContent": "space-around",
            }
          }
        >
          <Text
            style={
              [
                {
                  "fontSize": 45,
                },
                {
                  "color": "#1C274C",
                },
              ]
            }
          >
            Score: 
            0
          </Text>
          <Text
            style={
              [
                {
                  "fontSize": 45,
                },
                {
                  "color": "#1C274C",
                },
              ]
            }
          >
            Undo Count: 
            0
          </Text>
        </View>
        <View
          style={
            [
              {
                "flexDirection": "row",
                "justifyContent": "flex-end",
              },
            ]
          }
        >
          <View
            accessibilityState={
              {
                "busy": undefined,
                "checked": undefined,
                "disabled": undefined,
                "expanded": undefined,
                "selected": undefined,
              }
            }
            accessibilityValue={
              {
                "max": undefined,
                "min": undefined,
                "now": undefined,
                "text": undefined,
              }
            }
            accessible={true}
            collapsable={false}
            focusable={true}
            onBlur={[Function]}
            onClick={[Function]}
            onFocus={[Function]}
            onResponderGrant={[Function]}
            onResponderMove={[Function]}
            onResponderRelease={[Function]}
            onResponderTerminate={[Function]}
            onResponderTerminationRequest={[Function]}
            onStartShouldSetResponder={[Function]}
            testID="undoButton"
          >
            <view />
          </View>
          <View
            accessibilityState={
              {
                "busy": undefined,
                "checked": undefined,
                "disabled": undefined,
                "expanded": undefined,
                "selected": undefined,
              }
            }
            accessibilityValue={
              {
                "max": undefined,
                "min": undefined,
                "now": undefined,
                "text": undefined,
              }
            }
            accessible={true}
            collapsable={false}
            focusable={true}
            onBlur={[Function]}
            onClick={[Function]}
            onFocus={[Function]}
            onResponderGrant={[Function]}
            onResponderMove={[Function]}
            onResponderRelease={[Function]}
            onResponderTerminate={[Function]}
            onResponderTerminationRequest={[Function]}
            onStartShouldSetResponder={[Function]}
            testID="resetButton"
          >
            <view />
          </View>
        </View>
      </View>
      <view>
        <View
          style={
            [
              {
                "height": 712.5,
                "width": 712.5,
              },
            ]
          }
          testID="GridView"
        >
          <View
            style={
              {
                "alignItems": "center",
                "backgroundColor": "grey",
                "borderRadius": 10,
                "height": "100%",
                "justifyContent": "center",
                "opacity": 0.8,
                "position": "absolute",
                "width": "100%",
                "zIndex": 100,
              }
            }
            testID="GridOverlay"
          >
            <Text
              style={
                [
                  {
                    "color": "white",
                  },
                  {
                    "fontSize": 94.10377358490567,
                  },
                ]
              }
            >
              Game Over
            </Text>
            <Text
              style={
                [
                  {
                    "color": "white",
                  },
                  {
                    "fontSize": 94.10377358490567,
                  },
                ]
              }
            >
              play again?
            </Text>
            <View
              testID="ConfirmResetButtons"
            >
              <View
                accessibilityState={
                  {
                    "busy": undefined,
                    "checked": undefined,
                    "disabled": undefined,
                    "expanded": undefined,
                    "selected": undefined,
                  }
                }
                accessibilityValue={
                  {
                    "max": undefined,
                    "min": undefined,
                    "now": undefined,
                    "text": undefined,
                  }
                }
                accessible={true}
                collapsable={false}
                focusable={true}
                onBlur={[Function]}
                onClick={[Function]}
                onFocus={[Function]}
                onResponderGrant={[Function]}
                onResponderMove={[Function]}
                onResponderRelease={[Function]}
                onResponderTerminate={[Function]}
                onResponderTerminationRequest={[Function]}
                onStartShouldSetResponder={[Function]}
              >
                <Text>
                  no
                </Text>
              </View>
              <View
                accessibilityState={
                  {
                    "busy": undefined,
                    "checked": undefined,
                    "disabled": undefined,
                    "expanded": undefined,
                    "selected": undefined,
                  }
                }
                accessibilityValue={
                  {
                    "max": undefined,
                    "min": undefined,
                    "now": undefined,
                    "text": undefined,
                  }
                }
                accessible={true}
                collapsable={false}
                focusable={true}
                onBlur={[Function]}
                onClick={[Function]}
                onFocus={[Function]}
                onResponderGrant={[Function]}
                onResponderMove={[Function]}
                onResponderRelease={[Function]}
                onResponderTerminate={[Function]}
                onResponderTerminationRequest={[Function]}
                onStartShouldSetResponder={[Function]}
              >
                <Text>
                  yes
                </Text>
              </View>
            </View>
          </View>
          <View
            style={
              [
                {
                  "alignSelf": "center",
                  "backgroundColor": "rgb(187, 173, 160)",
                  "borderRadius": 10,
                  "justifyContent": "space-evenly",
                },
                {
                  "height": 712.5,
                  "width": 712.5,
                },
              ]
            }
          >
            <View
              style={
                {
                  "flexDirection": "row",
                  "height": "22%",
                  "justifyContent": "space-evenly",
                }
              }
            >
              <View
                style={
                  [
                    {
                      "backgroundColor": "white",
                      "borderRadius": 10,
                      "justifyContent": "center",
                      "textAlign": "center",
                      "width": "22%",
                    },
                    {
                      "backgroundColor": "rgb(245, 149, 99)",
                    },
                  ]
                }
              >
                <Text
                  style={
                    [
                      {
                        "textAlign": "center",
                      },
                      {
                        "color": "rgb(249, 246, 241)",
                      },
                      {
                        "fontSize": 58.16326530612245,
                      },
                    ]
                  }
                >
                  16
                </Text>
              </View>
              <View
                style={
                  [
                    {
                      "backgroundColor": "white",
                      "borderRadius": 10,
                      "justifyContent": "center",
                      "textAlign": "center",
                      "width": "22%",
                    },
                    {
                      "backgroundColor": "rgb(242, 177, 121)",
                    },
                  ]
                }
              >
                <Text
                  style={
                    [
                      {
                        "textAlign": "center",
                      },
                      {
                        "color": "rgb(249, 246, 241)",
                      },
                      {
                        "fontSize": 58.16326530612245,
                      },
                    ]
                  }
                >
                  8
                </Text>
              </View>
              <View
                style={
                  [
                    {
                      "backgroundColor": "white",
                      "borderRadius": 10,
                      "justifyContent": "center",
                      "textAlign": "center",
                      "width": "22%",
                    },
                    {
                      "backgroundColor": "rgb(236, 224, 200)",
                    },
                  ]
                }
              >
                <Text
                  style={
                    [
                      {
                        "textAlign": "center",
                      },
                      {
                        "color": "rgb(119, 110, 101)",
                      },
                      {
                        "fontSize": 58.16326530612245,
                      },
                    ]
                  }
                >
                  4
                </Text>
              </View>
              <View
                style={
                  [
                    {
                      "backgroundColor": "white",
                      "borderRadius": 10,
                      "justifyContent": "center",
                      "textAlign": "center",
                      "width": "22%",
                    },
                    {
                      "backgroundColor": "rgb(238, 228, 218)",
                    },
                  ]
                }
              >
                <Text
                  style={
                    [
                      {
                        "textAlign": "center",
                      },
                      {
                        "color": "rgb(119, 110, 101)",
                      },
                      {
                        "fontSize": 58.16326530612245,
                      },
                    ]
                  }
                >
                  2
                </Text>
              </View>
            </View>
            <View
              style={
                {
                  "flexDirection": "row",
                  "height": "22%",
                  "justifyContent": "space-evenly",
                }
              }
            >
              <View
                style={
                  [
                    {
                      "backgroundColor": "white",
                      "borderRadius": 10,
                      "justifyContent": "center",
                      "textAlign": "center",
                      "width": "22%",
                    },
                    {
                      "backgroundColor": "rgb(238, 228, 218)",
                    },
                  ]
                }
              >
                <Text
                  style={
                    [
                      {
                        "textAlign": "center",
                      },
                      {
                        "color": "rgb(119, 110, 101)",
                      },
                      {
                        "fontSize": 58.16326530612245,
                      },
                    ]
                  }
                >
                  2
                </Text>
              </View>
              <View
                style={
                  [
                    {
                      "backgroundColor": "white",
                      "borderRadius": 10,
                      "justifyContent": "center",
                      "textAlign": "center",
                      "width": "22%",
                    },
                    {
                      "backgroundColor": "rgb(236, 224, 200)",
                    },
                  ]
                }
              >
                <Text
                  style={
                    [
                      {
                        "textAlign": "center",
                      },
                      {
                        "color": "rgb(119, 110, 101)",
                      },
                      {
                        "fontSize": 58.16326530612245,
                      },
                    ]
                  }
                >
                  4
                </Text>
              </View>
              <View
                style={
                  [
                    {
                      "backgroundColor": "white",
                      "borderRadius": 10,
                      "justifyContent": "center",
                      "textAlign": "center",
                      "width": "22%",
                    },
                    {
                      "backgroundColor": "rgb(238, 228, 218)",
                    },
                  ]
                }
              >
                <Text
                  style={
                    [
                      {
                        "textAlign": "center",
                      },
                      {
                        "color": "rgb(119, 110, 101)",
                      },
                      {
                        "fontSize": 58.16326530612245,
                      },
                    ]
                  }
                >
                  2
                </Text>
              </View>
              <View
                style={
                  [
                    {
                      "backgroundColor": "white",
                      "borderRadius": 10,
                      "justifyContent": "center",
                      "textAlign": "center",
                      "width": "22%",
                    },
                    {
                      "backgroundColor": "rgb(236, 224, 200)",
                    },
                  ]
                }
              >
                <Text
                  style={
                    [
                      {
                        "textAlign": "center",
                      },
                      {
                        "color": "rgb(119, 110, 101)",
                      },
                      {
                        "fontSize": 58.16326530612245,
                      },
                    ]
                  }
                >
                  4
                </Text>
              </View>
            </View>
            <View
              style={
                {
                  "flexDirection": "row",
                  "height": "22%",
                  "justifyContent": "space-evenly",
                }
              }
            >
              <View
                style={
                  [
                    {
                      "backgroundColor": "white",
                      "borderRadius": 10,
                      "justifyContent": "center",
                      "textAlign": "center",
                      "width": "22%",
                    },
                    {
                      "backgroundColor": "rgb(236, 224, 200)",
                    },
                  ]
                }
              >
                <Text
                  style={
                    [
                      {
                        "textAlign": "center",
                      },
                      {
                        "color": "rgb(119, 110, 101)",
                      },
                      {
                        "fontSize": 58.16326530612245,
                      },
                    ]
                  }
                >
                  4
                </Text>
              </View>
              <View
                style={
                  [
                    {
                      "backgroundColor": "white",
                      "borderRadius": 10,
                      "justifyContent": "center",
                      "textAlign": "center",
                      "width": "22%",
                    },
                    {
                      "backgroundColor": "rgb(238, 228, 218)",
                    },
                  ]
                }
              >
                <Text
                  style={
                    [
                      {
                        "textAlign": "center",
                      },
                      {
                        "color": "rgb(119, 110, 101)",
                      },
                      {
                        "fontSize": 58.16326530612245,
                      },
                    ]
                  }
                >
                  2
                </Text>
              </View>
              <View
                style={
                  [
                    {
                      "backgroundColor": "white",
                      "borderRadius": 10,
                      "justifyContent": "center",
                      "textAlign": "center",
                      "width": "22%",
                    },
                    {
                      "backgroundColor": "rgb(236, 224, 200)",
                    },
                  ]
                }
              >
                <Text
                  style={
                    [
                      {
                        "textAlign": "center",
                      },
                      {
                        "color": "rgb(119, 110, 101)",
                      },
                      {
                        "fontSize": 58.16326530612245,
                      },
                    ]
                  }
                >
                  4
                </Text>
              </View>
              <View
                style={
                  [
                    {
                      "backgroundColor": "white",
                      "borderRadius": 10,
                      "justifyContent": "center",
                      "textAlign": "center",
                      "width": "22%",
                    },
                    {
                      "backgroundColor": "rgb(238, 228, 218)",
                    },
                  ]
                }
              >
                <Text
                  style={
                    [
                      {
                        "textAlign": "center",
                      },
                      {
                        "color": "rgb(119, 110, 101)",
                      },
                      {
                        "fontSize": 58.16326530612245,
                      },
                    ]
                  }
                >
                  2
                </Text>
              </View>
            </View>
            <View
              style={
                {
                  "flexDirection": "row",
                  "height": "22%",
                  "justifyContent": "space-evenly",
                }
              }
            >
              <View
                style={
                  [
                    {
                      "backgroundColor": "white",
                      "borderRadius": 10,
                      "justifyContent": "center",
                      "textAlign": "center",
                      "width": "22%",
                    },
                    {
                      "backgroundColor": "rgb(245, 124, 95)",
                    },
                  ]
                }
              >
                <Text
                  style={
                    [
                      {
                        "textAlign": "center",
                      },
                      {
                        "color": "rgb(249, 246, 241)",
                      },
                      {
                        "fontSize": 58.16326530612245,
                      },
                    ]
                  }
                >
                  32
                </Text>
              </View>
              <View
                style={
                  [
                    {
                      "backgroundColor": "white",
                      "borderRadius": 10,
                      "justifyContent": "center",
                      "textAlign": "center",
                      "width": "22%",
                    },
                    {
                      "backgroundColor": "rgb(236, 224, 200)",
                    },
                  ]
                }
              >
                <Text
                  style={
                    [
                      {
                        "textAlign": "center",
                      },
                      {
                        "color": "rgb(119, 110, 101)",
                      },
                      {
                        "fontSize": 58.16326530612245,
                      },
                    ]
                  }
                >
                  4
                </Text>
              </View>
              <View
                style={
                  [
                    {
                      "backgroundColor": "white",
                      "borderRadius": 10,
                      "justifyContent": "center",
                      "textAlign": "center",
                      "width": "22%",
                    },
                    {
                      "backgroundColor": "rgb(238, 228, 218)",
                    },
                  ]
                }
              >
                <Text
                  style={
                    [
                      {
                        "textAlign": "center",
                      },
                      {
                        "color": "rgb(119, 110, 101)",
                      },
                      {
                        "fontSize": 58.16326530612245,
                      },
                    ]
                  }
                >
                  2
                </Text>
              </View>
              <View
                style={
                  [
                    {
                      "backgroundColor": "white",
                      "borderRadius": 10,
                      "justifyContent": "center",
                      "textAlign": "center",
                      "width": "22%",
                    },
                    {
                      "backgroundColor": "rgb(236, 224, 200)",
                    },
                  ]
                }
              >
                <Text
                  style={
                    [
                      {
                        "textAlign": "center",
                      },
                      {
                        "color": "rgb(119, 110, 101)",
                      },
                      {
                        "fontSize": 58.16326530612245,
                      },
                    ]
                  }
                >
                  4
                </Text>
              </View>
            </View>
          </View>
        </View>
      </view>
    </View>
  </view>
</RCTSafeAreaView>
`;
